
> splashkit.io@0.9 build
> npm run setup && astro build


> splashkit.io@0.9 setup
> node ./scripts/json-files-script.cjs && node ./scripts/usage-example-scraping.cjs && node ./scripts/api-pages-script.cjs

------------------------------------------------------------------------------
JSON file Generation:
------------------------------------------------------------------------------

Generating json files for index page categories...
  Guides Groups: Available index page category names have been written to ./scripts/json-files/guides-groups.json
  Beyond SplashKit Groups: Available index page category names have been written to ./scripts/json-files/beyond-splashkit-groups.json

Generating json file for available functions used in guides...
  Guides Functions: Available functions written to ./scripts/json-files/guides.json.

All JSON files generated successfully.

------------------------------------------------------------------------------
Usage Example Scraping:
------------------------------------------------------------------------------

All examples have been scraped successfully.

------------------------------------------------------------------------------
API Documentation mdx pages Generation:
------------------------------------------------------------------------------

Cleaning up directory for API Documentation pages...
  Deleted: src\content\docs\api\Animations.mdx
  Deleted: src\content\docs\api\Audio.mdx
  Deleted: src\content\docs\api\Camera.mdx
  Deleted: src\content\docs\api\Color.mdx
  Deleted: src\content\docs\api\Generative-AI.mdx
  Deleted: src\content\docs\api\Geometry.mdx
  Deleted: src\content\docs\api\Graphics.mdx
  Deleted: src\content\docs\api\Input.mdx
  Deleted: src\content\docs\api\Interface.mdx
  Deleted: src\content\docs\api\Json.mdx
  Deleted: src\content\docs\api\Logging.mdx
  Deleted: src\content\docs\api\Networking.mdx
  Deleted: src\content\docs\api\Physics.mdx
  Deleted: src\content\docs\api\Raspberry.mdx
  Deleted: src\content\docs\api\Resource-Bundles.mdx
  Deleted: src\content\docs\api\Resources.mdx
  Deleted: src\content\docs\api\Sprites.mdx
  Deleted: src\content\docs\api\Terminal.mdx
  Deleted: src\content\docs\api\Timers.mdx
  Deleted: src\content\docs\api\Types.mdx
  Deleted: src\content\docs\api\Utilities.mdx
  Deleted: src\content\docs\api\Windows.mdx

Generating MDX files for API Documentation pages...

  Generated: Animations.mdx
  Generated: Audio.mdx
  Generated: Camera.mdx
  Generated: Color.mdx
  Generated: Generative-AI.mdx
  Generated: Geometry.mdx
  Generated: Graphics.mdx
  Generated: Input.mdx
  Generated: Interface.mdx
  Generated: Json.mdx
  Generated: Logging.mdx
  Generated: Networking.mdx
  Generated: Physics.mdx
  Generated: Raspberry.mdx
  Generated: Resource-Bundles.mdx
  Generated: Resources.mdx
  Generated: Sprites.mdx
  Generated: Terminal.mdx
  Generated: Timers.mdx
  Generated: Types.mdx
  Generated: Utilities.mdx
  Generated: Windows.mdx

All API Documentation MDX files generated successfully.

node.exe : Algolia DocSearch environment variables are missing; building without DocSearch integration.
At line:1 char:1
+ & "C:\Program Files\nodejs/node.exe" "C:\Program Files\nodejs/node_mo ...
+ ~~~~~~~~~~~~~~~~~~~~~~~~~~~~~~~~~~~~~~~~~~~~~~~~~~~~~~~~~~~~~~~~~~~~~
    + CategoryInfo          : NotSpecified: (Algolia DocSear...ch integration.:String) [], RemoteException
    + FullyQualifiedErrorId : NativeCommandError
 
12:57:46 [starlight-links-validator-plugin] Invalidating content layer cacheΓÇª
12:57:47 [content] Syncing content
12:57:47 [content] Synced content
12:57:47 [types] Generated 709ms
12:57:47 [build] output: "static"
12:57:47 [build] mode: "static"
12:57:47 [build] directory: C:\Users\USER\Documents\Projects\splashkit.io-starlight\dist\
12:57:47 [build] Collecting build info...
12:57:47 [build] Γ£ô Completed in 895ms.
12:57:47 [build] Building static entrypoints...
12:58:12 [vite] [32mΓ£ô built in 24.04s[39m
12:58:12 [build] Γ£ô Completed in 24.06s.

 building client (vite) 
12:58:12 [vite] transforming...
12:58:12 [vite] [32mΓ£ô[39m 39 modules transformed.
12:58:12 [vite] rendering chunks...
12:58:12 [vite] computing gzip size...
12:58:12 [vite] [2mdist/[22m[32m_astro/ec.8zarh.js                                                             [39m[1m[2m  2.42 kB[22m[1m[22m
12:58:12 [vite] [2mdist/[22m[35m_astro/ec.4tczp.css                                                            [39m[1m[2m 18.23 kB[22m[1m[22m[2m Γöé gzip:  3.96 kB[22m
12:58:12 [vite] [2mdist/[22m[36m_astro/MobileTableOfContents.astro_astro_type_script_index_0_lang.C181hMzK.js  [39m[1m[2m  0.67 kB[22m[1m[22m[2m Γöé gzip:  0.40 kB[22m
12:58:12 [vite] [2mdist/[22m[36m_astro/TableOfContents.astro_astro_type_script_index_0_lang.CKWWgpjV.js        [39m[1m[2m  1.67 kB[22m[1m[22m[2m Γöé gzip:  0.86 kB[22m
12:58:12 [vite] [2mdist/[22m[36m_astro/page.7qqag-5g.js                                                        [39m[1m[2m  2.17 kB[22m[1m[22m[2m Γöé gzip:  0.97 kB[22m
12:58:12 [vite] [2mdist/[22m[36m_astro/Search.astro_astro_type_script_index_0_lang.DMZ5WJ-J.js                 [39m[1m[2m  2.69 kB[22m[1m[22m[2m Γöé gzip:  1.38 kB[22m
12:58:12 [vite] [2mdist/[22m[36m_astro/ui-core.Ft0Z9wO7.js                                                     [39m[1m[2m 68.07 kB[22m[1m[22m[2m Γöé gzip: 21.71 kB[22m
12:58:12 [vite] [2mdist/[22m[36m_astro/client.CmJkBWW1.js                                                      [39m[1m[2m143.47 kB[22m[1m[22m[2m Γöé gzip: 46.21 kB[22m
12:58:12 [vite] [32mΓ£ô built in 489ms[39m

 generating static routes 
12:58:12 Γû╢ @astrojs/starlight/routes/static/404.astro
Entry docs ΓåÆ 404 was not found.
12:58:12   ΓööΓöÇ /404.html (+24ms) 
12:58:12 Γû╢ starlight-blog/routes/Authors.astro
12:58:12   ΓööΓöÇ /blog/authors/splashkit/index.html (+21ms) 
12:58:12 ╬╗ starlight-blog/routes/rss.xml.ts
12:58:12   ΓööΓöÇ /blog/rss.xml (+10ms) 
12:58:12 Γû╢ starlight-blog/routes/Tags.astro
12:58:12 Γû╢ starlight-blog/routes/Blog.astro
12:58:12   ΓööΓöÇ /blog/index.html (+5ms) 
12:58:12 Γû╢ @astrojs/starlight/routes/static/index.astro
12:58:12   Γö£ΓöÇ /index.html (+10ms) 
12:58:12   Γö£ΓöÇ /api/camera/index.html (+92ms) 
12:58:12   Γö£ΓöÇ /api/animations/index.html (+65ms) 
12:58:12   Γö£ΓöÇ /api/audio/index.html (+245ms) 
12:58:13   Γö£ΓöÇ /api/generative-ai/index.html (+84ms) 
Astro.glob is deprecated and will be removed in a future major version of Astro.
Use import.meta.glob instead: https://vitejs.dev/guide/features.html#glob-import
12:58:13   Γö£ΓöÇ /api/index.html (+66ms) 
12:58:13   Γö£ΓöÇ /api/color/index.html (+378ms) 
12:58:13   Γö£ΓöÇ /api/geometry/index.html (+1.66s) 
12:58:15   Γö£ΓöÇ /api/input/index.html (+106ms) 
12:58:15   Γö£ΓöÇ /api/graphics/index.html (+2.48s) 
12:58:17   Γö£ΓöÇ /api/logging/index.html (+10ms) 
12:58:17   Γö£ΓöÇ /api/json/index.html (+47ms) 
12:58:18   Γö£ΓöÇ /api/interface/index.html (+92ms) 
12:58:18   Γö£ΓöÇ /api/raspberry/index.html (+124ms) 
12:58:18   Γö£ΓöÇ /api/resource-bundles/index.html (+9ms) 
12:58:18   Γö£ΓöÇ /api/networking/index.html (+236ms) 
12:58:18   Γö£ΓöÇ /api/physics/index.html (+412ms) 
12:58:18   Γö£ΓöÇ /api/sprites/index.html (+451ms) 
12:58:19   Γö£ΓöÇ /api/resources/index.html (+14ms) 
12:58:19   Γö£ΓöÇ /api/terminal/index.html (+480ms) 
12:58:19   Γö£ΓöÇ /api/types/index.html (+16ms) 
12:58:19   Γö£ΓöÇ /api/timers/index.html (+30ms) 
12:58:19   Γö£ΓöÇ /blog/intro-blog/index.html (+4ms) 
12:58:19   Γö£ΓöÇ /api/windows/index.html (+124ms) 
12:58:20   Γö£ΓöÇ /guides/index.html (+9ms) 
12:58:20   Γö£ΓöÇ /installation/index.html (+6ms) 
12:58:20   Γö£ΓöÇ /troubleshoot/index.html (+7ms) 
12:58:20   Γö£ΓöÇ /api/utilities/index.html (+736ms) 
12:58:20   Γö£ΓöÇ /guides/animations/using-animations/index.html (+68ms) 
12:58:20   Γö£ΓöÇ /guides/beyond-splashkit/index.html (+7ms) 
12:58:20   Γö£ΓöÇ /guides/camera/1-dynamic-camera-control/index.html (+131ms) 
12:58:20   Γö£ΓöÇ /guides/camera/using-splashkit-camera/index.html (+41ms) 
12:58:21   Γö£ΓöÇ /guides/audio/getting-started-with-audio/index.html (+86ms) 
12:58:21   Γö£ΓöÇ /guides/input/user-inputs-in-graphical-applications/index.html (+156ms) 
12:58:21   Γö£ΓöÇ /guides/color/splashkit-colors/index.html (+28ms) 
12:58:21   Γö£ΓöÇ /guides/graphics/beginner-game-tutorial/index.html (+25ms) 
12:58:21   Γö£ΓöÇ /guides/graphics/2-shape-modelling/index.html (+202ms) 
12:58:21   Γö£ΓöÇ /guides/graphics/double-buffering/index.html (+62ms) 
12:58:21   Γö£ΓöÇ /guides/interface/getting-started-with-interfaces/index.html (+117ms) 
12:58:21   Γö£ΓöÇ /guides/graphics/drawing-using-procedures/index.html (+42ms) 
12:58:21   Γö£ΓöÇ /guides/interface/interface-styling/index.html (+21ms) 
12:58:21   Γö£ΓöÇ /guides/interface/interface-layouts/index.html (+85ms) 
12:58:21   Γö£ΓöÇ /guides/json/getting-started-with-json/index.html (+98ms) 
12:58:21   Γö£ΓöÇ /guides/networking/getting-started-with-servers/index.html (+28ms) 
12:58:21   Γö£ΓöÇ /guides/networking/restful-api-call/index.html (+43ms) 
12:58:22   Γö£ΓöÇ /guides/physics/0-introduction-to-vectors/index.html (+42ms) 
12:58:22   Γö£ΓöÇ /guides/networking/routing-with-servers/index.html (+80ms) 
12:58:22   Γö£ΓöÇ /guides/physics/1-vector-magnitudes/index.html (+30ms) 
12:58:22   Γö£ΓöÇ /guides/physics/2-vector-arithmetic/index.html (+142ms) 
12:58:22   Γö£ΓöÇ /guides/physics/4-collision-detection-using-vectors/index.html (+9ms) 
12:58:22   Γö£ΓöÇ /guides/physics/3-vector-geometry-angles/index.html (+60ms) 
12:58:22   Γö£ΓöÇ /guides/physics/6-raycasting-basics/index.html (+9ms) 
12:58:22   Γö£ΓöÇ /guides/physics/5-collisions-and-gravity/index.html (+8ms) 
12:58:22   Γö£ΓöÇ /guides/physics/7-raycasting-light/index.html (+7ms) 
12:58:22   Γö£ΓöÇ /guides/physics/8-3d-projection-raycasting/index.html (+8ms) 
12:58:22   Γö£ΓöÇ /guides/raspberry-gpio/0-blink-led/index.html (+64ms) 
12:58:22   Γö£ΓöÇ /guides/raspberry-gpio/1-read-button-press/index.html (+92ms) 
12:58:22   Γö£ΓöÇ /guides/raspberry-gpio/2-pwm-control-led/index.html (+71ms) 
12:58:22   Γö£ΓöÇ /guides/raspberry-gpio/3-pwm-button-control/index.html (+54ms) 
12:58:22   Γö£ΓöÇ /guides/resources/loading-resources-with-bundles/index.html (+16ms) 
12:58:22   Γö£ΓöÇ /guides/raspberry-gpio/4-analog-signals/index.html (+21ms) 
12:58:22   Γö£ΓöÇ /installation/linux/1-command-line-tools/index.html (+11ms) 
12:58:22   Γö£ΓöÇ /installation/linux/2-language-tools/index.html (+11ms) 
12:58:22   Γö£ΓöÇ /guides/utilities/useful-utilities/index.html (+67ms) 
12:58:22   Γö£ΓöÇ /installation/linux/4-vscode/index.html (+13ms) 
12:58:22   Γö£ΓöÇ /installation/linux/index.html (+36ms) 
12:58:22   Γö£ΓöÇ /installation/linux/3-splashkit/index.html (+6ms) 
12:58:22   Γö£ΓöÇ /installation/virtual-machine/index.html (+3ms) 
12:58:22   Γö£ΓöÇ /installation/macos/1-command-line-tools/index.html (+9ms) 
12:58:22   Γö£ΓöÇ /installation/macos/2-language-tools/index.html (+6ms) 
12:58:22   Γö£ΓöÇ /installation/macos/3-splashkit/index.html (+6ms) 
12:58:22   Γö£ΓöÇ /installation/macos/4-vscode/index.html (+10ms) 
12:58:22   Γö£ΓöÇ /installation/macos/index.html (+6ms) 
12:58:22   Γö£ΓöÇ /installation/windows-msys2/1-command-line-tools/index.html (+7ms) 
12:58:22   Γö£ΓöÇ /installation/windows-msys2/2-language-tools/index.html (+8ms) 
12:58:22   Γö£ΓöÇ /installation/windows-msys2/3-splashkit/index.html (+6ms) 
12:58:22   Γö£ΓöÇ /installation/windows-msys2/4-vscode/index.html (+8ms) 
12:58:22   Γö£ΓöÇ /installation/windows-msys2/index.html (+7ms) 
12:58:22   Γö£ΓöÇ /installation/windows-wsl/1-command-line-tools/index.html (+7ms) 
12:58:22   Γö£ΓöÇ /installation/windows-wsl/2-language-tools/index.html (+6ms) 
12:58:22   Γö£ΓöÇ /installation/windows-wsl/3-splashkit/index.html (+8ms) 
12:58:22   Γö£ΓöÇ /installation/windows-wsl/index.html (+5ms) 
12:58:22   Γö£ΓöÇ /installation/windows-wsl/4-vscode/index.html (+8ms) 
12:58:22   Γö£ΓöÇ /troubleshoot/linux/index.html (+7ms) 
12:58:22   Γö£ΓöÇ /troubleshoot/linux/issue-1-bash-curl-not-working/index.html (+6ms) 
12:58:22   Γö£ΓöÇ /troubleshoot/linux/issue-2-skm-not-found/index.html (+9ms) 
12:58:23   Γö£ΓöÇ /troubleshoot/linux/issue-3-error-installing-dependencies/index.html (+13ms) 
12:58:23   Γö£ΓöÇ /troubleshoot/linux/issue-4-splashkit-library-not-found/index.html (+8ms) 
12:58:23   Γö£ΓöÇ /troubleshoot/linux/issue-5-test-install-fails-on-arch-linux/index.html (+10ms) 
12:58:23   Γö£ΓöÇ /troubleshoot/linux/issue-6-dotnet-not-found/index.html (+7ms) 
12:58:23   Γö£ΓöÇ /troubleshoot/macos/issue-1-bash-curl-not-working/index.html (+6ms) 
12:58:23   Γö£ΓöÇ /troubleshoot/macos/issue-10-using-older-osx-version/index.html (+7ms) 
12:58:23   Γö£ΓöÇ /troubleshoot/macos/index.html (+6ms) 
12:58:23   Γö£ΓöÇ /troubleshoot/macos/issue-11-string-error-during-global-install/index.html (+7ms) 
12:58:23   Γö£ΓöÇ /troubleshoot/macos/issue-2-zshrc-permission-issues/index.html (+8ms) 
12:58:23   Γö£ΓöÇ /troubleshoot/macos/issue-3-skm-not-found/index.html (+7ms) 
12:58:23   Γö£ΓöÇ /troubleshoot/macos/issue-4-code-not-found/index.html (+5ms) 
12:58:23   Γö£ΓöÇ /troubleshoot/macos/issue-5-dotnet-not-found/index.html (+5ms) 
12:58:23   Γö£ΓöÇ /troubleshoot/macos/issue-6-splashkitsdk-not-found/index.html (+7ms) 
12:58:23   Γö£ΓöÇ /troubleshoot/macos/issue-8-python-module-not-found-error/index.html (+6ms) 
12:58:23   Γö£ΓöÇ /troubleshoot/macos/issue-7-dotnet-run-unable-to-find-splashkit-library/index.html (+6ms) 
12:58:23   Γö£ΓöÇ /troubleshoot/windows-msys2/index.html (+6ms) 
12:58:23   Γö£ΓöÇ /troubleshoot/windows-msys2/issue-1-bash-curl-not-working/index.html (+9ms) 
12:58:23   Γö£ΓöÇ /troubleshoot/windows-msys2/issue-2-skm-not-found/index.html (+6ms) 
12:58:23   Γö£ΓöÇ /troubleshoot/macos/issue-9-dotnet-add-package-splashkit-not-working/index.html (+5ms) 
12:58:23   Γö£ΓöÇ /troubleshoot/windows-msys2/issue-3-dotnet-not-found/index.html (+6ms) 
12:58:23   Γö£ΓöÇ /troubleshoot/windows-msys2/issue-4-code-not-found/index.html (+10ms) 
12:58:23   Γö£ΓöÇ /troubleshoot/windows-msys2/issue-5-splashkitsdk-not-found/index.html (+6ms) 
12:58:23   Γö£ΓöÇ /troubleshoot/windows-wsl/index.html (+5ms) 
12:58:23   Γö£ΓöÇ /troubleshoot/windows-wsl/issue-1-user-account-issues/index.html (+5ms) 
12:58:23   Γö£ΓöÇ /guides/beyond-splashkit/sdl2/getting-started-with-graphics/index.html (+198ms) 
12:58:23   Γö£ΓöÇ /troubleshoot/windows-wsl/issue-2-gui-applications-not-working/index.html (+36ms) 
12:58:23   Γö£ΓöÇ /guides/beyond-splashkit/sdl2/sound-effects/index.html (+57ms) 
12:58:23   Γö£ΓöÇ /guides/beyond-splashkit/utilities/converting-values/index.html (+75ms) 
12:58:23   Γö£ΓöÇ /guides/beyond-splashkit/utilities/integer-input-validation/index.html (+42ms) 
12:58:23   Γö£ΓöÇ /guides/beyond-splashkit/utilities/math-basics/index.html (+118ms) 
12:58:23   Γö£ΓöÇ /guides/beyond-splashkit/cryptography/encoding-and-decoding/index.html (+77ms) 
12:58:23   Γö£ΓöÇ /guides/beyond-splashkit/cryptography/morse-code/index.html (+93ms) 
12:58:23   ΓööΓöÇ /guides/beyond-splashkit/cryptography/steganography/index.html (+241ms) 
12:58:24 Γ£ô Completed in 11.51s.

 generating optimized images 
12:58:24   Γû╢ /_astro/box.BaDlktJ0_1JNDfN.webp (reused cache entry) (+4ms) (1/43)
12:58:24   Γû╢ /_astro/frog.B0q2Qq6J_IH9je.webp (reused cache entry) (+4ms) (2/43)
12:58:24   Γû╢ /_astro/Animation-basics.yT5NYmXR_Zjlq3T.webp (reused cache entry) (+4ms) (3/43)
12:58:24   Γû╢ /_astro/All-About-Animation-With-Sound.BJqscs7U_DX5nf.webp (reused cache entry) (+5ms) (4/43)
12:58:24   Γû╢ /_astro/Animation-Frame.Bmq9XvoR_2kcApR.webp (reused cache entry) (+5ms) (5/43)
12:58:24   Γû╢ /_astro/All-About-Animation-Vectors.DkqMk6TZ_55jfJ.webp (reused cache entry) (+5ms) (6/43)
12:58:24   Γû╢ /_astro/about_audio_1.BLdyw7kF_Z1cRCqE.webp (reused cache entry) (+5ms) (7/43)
12:58:24   Γû╢ /_astro/about_audio_2.d9pfL36Z_Z2t4i8E.webp (reused cache entry) (+5ms) (8/43)
12:58:24   Γû╢ /_astro/camera.C3yyTfRP_Z1tXOzh.webp (reused cache entry) (+6ms) (9/43)
12:58:24   Γû╢ /_astro/about_audio_3.B5VlDpF1_xVxh6.webp (reused cache entry) (+6ms) (10/43)
12:58:24   Γû╢ /_astro/flappy.COPtQTly_MP78c.webp (reused cache entry) (+7ms) (11/43)
12:58:24   Γû╢ /_astro/colour_wheel.ChBGT_Qe_1leNBL.webp (reused cache entry) (+7ms) (12/43)
12:58:24   Γû╢ /_astro/draw_shapes.CqjCpZQu_152K.webp (reused cache entry) (+7ms) (13/43)
12:58:24   Γû╢ /_astro/first_button.Pu0O3Usk_Kl8s8.webp (reused cache entry) (+9ms) (14/43)
12:58:24   Γû╢ /_astro/painter-new.XFbmXaAi_2nLzdw.webp (reused cache entry) (+9ms) (15/43)
12:58:24   Γû╢ /_astro/NewWindow.C8u1tic2_Z194puS.webp (reused cache entry) (+9ms) (16/43)
12:58:24   Γû╢ /_astro/DrawFill.CbZEyT08_qL84B.webp (reused cache entry) (+6ms) (17/43)
12:58:24   Γû╢ /_astro/shadeddark.BdtuiFTE_C06AS.webp (reused cache entry) (+3ms) (18/43)
12:58:24   Γû╢ /_astro/AutoComplete.Dy4RcIgv_Z1004Tk.webp (reused cache entry) (+4ms) (19/43)
12:58:24   Γû╢ /_astro/RefreshScreen.BoxqCN_W_ZLIHTJ.webp (reused cache entry) (+4ms) (20/43)
12:58:24   Γû╢ /_astro/flatdark.C3WFOB6H_ZsFVgh.webp (reused cache entry) (+4ms) (21/43)
12:58:24   Γû╢ /_astro/bubble.DLixP-H4_Z1rkb70.webp (reused cache entry) (+4ms) (22/43)
12:58:24   Γû╢ /_astro/flatlight.D4WCKM1U_ZkitgO.webp (reused cache entry) (+4ms) (23/43)
12:58:24   Γû╢ /_astro/bubble_multicolored.BqmYZyBr_ZhmwKV.webp (reused cache entry) (+4ms) (24/43)
12:58:24   Γû╢ /_astro/shadedlight.DvJkqXix_Z2tT7Ep.webp (reused cache entry) (+5ms) (25/43)
12:58:24   Γû╢ /_astro/shadeddark_colored.DYjaGJ-T_2cHxwu.webp (reused cache entry) (+5ms) (26/43)
12:58:24   Γû╢ /_astro/shadedlight_colored.BGvr0cWs_xJJRW.webp (reused cache entry) (+5ms) (27/43)
12:58:24   Γû╢ /_astro/bubble_colored.DeEeMV0k_ZIdHvV.webp (reused cache entry) (+5ms) (28/43)
12:58:24   Γû╢ /_astro/style_panel.nSSj7lkP_Z11PKzE.webp (reused cache entry) (+4ms) (29/43)
12:58:24   Γû╢ /_astro/panel_w_labeltextbox.eIV6obek_Zn0uwz.webp (reused cache entry) (+4ms) (30/43)
12:58:24   Γû╢ /_astro/blinkled._7gr9F4B_Z2tS7bo.webp (reused cache entry) (+5ms) (31/43)
12:58:24   Γû╢ /_astro/blink_led_circuit.D08ewF_C_BhrMx.webp (reused cache entry) (+5ms) (32/43)
12:58:24   Γû╢ /_astro/buttonpush.BiM5NT6t_2r6pYH.webp (reused cache entry) (+4ms) (33/43)
12:58:24   Γû╢ /_astro/push_button_circuit.2ElYYmQM_1BClEM.webp (reused cache entry) (+3ms) (34/43)
12:58:24   Γû╢ /_astro/pwm_buttons.D-gAC4-w_ZJhjit.webp (reused cache entry) (+3ms) (35/43)
12:58:24   Γû╢ /_astro/pwm_buttons_circuit.BDgO4FFk_ZFyX2B.webp (reused cache entry) (+3ms) (36/43)
12:58:24   Γû╢ /_astro/output.DThYuAvQ_jnox.webp (reused cache entry) (+3ms) (37/43)
12:58:24   Γû╢ /_astro/joystick_pinout.C8gh3EF6_Z2vveNj.webp (reused cache entry) (+3ms) (38/43)
12:58:24   Γû╢ /_astro/joystick.BaNNm1h4_Z1lwEpc.webp (reused cache entry) (+3ms) (39/43)
12:58:24   Γû╢ /_astro/joystick_circuit.CbgoM83o_Z19bRoe.webp (reused cache entry) (+4ms) (40/43)
12:58:24   Γû╢ /_astro/mcp3008_pinout.BTPGKnQA_1lvAcE.webp (reused cache entry) (+4ms) (41/43)
12:58:24   Γû╢ /_astro/transmit_details.BYGWdojS_Z1TKVi5.webp (reused cache entry) (+4ms) (42/43)
12:58:24   Γû╢ /_astro/ctrl-bit_table.B0z8n2tH_1zMRiV.webp (reused cache entry) (+5ms) (43/43)
12:58:24 Γ£ô Completed in 19ms.


Running Pagefind v1.3.0 (Extended)
Running from: "C:\\Users\\USER\\Documents\\Projects\\splashkit.io-starlight\\node_modules\\@astrojs\\starlight"
Source:       "..\\..\\..\\dist"
Output:       "..\\..\\..\\dist\\pagefind"

[Walking source directory]
Found 122 files matching **/*.{html}

[Parsing files]
Found a data-pagefind-body element on the site.
Γå│ Ignoring pages without this tag.

[Reading languages]
Discovered 1 language: en

[Building search indexes]
12:58:27 [build] Waiting for integration "@astrojs/starlight", hook "astro:build:done"...
Total: 
  Indexed 1 language
  Indexed 119 pages
  Indexed 15016 words
  Indexed 0 filters
  Indexed 0 sorts

Finished in 2.496 seconds

 validating links 
12:58:27 [ERROR] Γ£ù Found 10 invalid links in 3 files.
12:58:27 Γû╢ api/geometry/
12:58:27   Γö£ΓöÇ /api/geometry/#rectangle-around - invalid hash
12:58:27   Γö£ΓöÇ /api/geometry/#rectangle-around - invalid hash
12:58:27   Γö£ΓöÇ /api/geometry/#rectangle-around - invalid hash
12:58:27   ΓööΓöÇ /api/geometry/#rectangle-around - invalid hash
12:58:27 Γû╢ api/graphics/
12:58:27   Γö£ΓöÇ /api/geometry/#rectangle-around - invalid hash
12:58:27   ΓööΓöÇ /api/geometry/#rectangle-around - invalid hash
12:58:27 Γû╢ api/timers/
12:58:27   Γö£ΓöÇ /api/geometry/#rectangle-around - invalid hash
12:58:27   Γö£ΓöÇ /api/geometry/#rectangle-around - invalid hash
12:58:27   Γö£ΓöÇ /api/geometry/#rectangle-around - invalid hash
12:58:27   ΓööΓöÇ /api/geometry/#rectangle-around - invalid hash

[AstroUserError] Links validation failed.
  Hint:
    See the error report above for more informations.
    
    If you believe this is a bug, please file an issue at 
https://github.com/HiDeoo/starlight-links-validator/issues/new/choose
  Location:
    C:/Users/USER/Documents/Projects/splashkit.io-starlight/node_modules/starlight-links-validator/index.ts:152:9
  Stack trace:
    at throwPluginError 
(C:/Users/USER/Documents/Projects/splashkit.io-starlight/node_modules/starlight-links-validator/index.ts:152:9)
    at runHookBuildDone 
(file:///C:/Users/USER/Documents/Projects/splashkit.io-starlight/node_modules/astro/dist/integrations/hooks.js:448:58)
    at async AstroBuilder.build 
(file:///C:/Users/USER/Documents/Projects/splashkit.io-starlight/node_modules/astro/dist/core/build/index.js:165:5)
    at async build 
(file:///C:/Users/USER/Documents/Projects/splashkit.io-starlight/node_modules/astro/dist/core/build/index.js:45:3)
    at async runCommand 
(file:///C:/Users/USER/Documents/Projects/splashkit.io-starlight/node_modules/astro/dist/cli/index.js:147:7)
